// Jest Snapshot v1, https://goo.gl/fbAQLP

exports[`Unit/Components/Header Should match the snapshot 1`] = `<Header />`;
