// Jest Snapshot v1, https://goo.gl/fbAQLP

exports[`Button Should match the snapshot 1`] = `
<Button
  label="Test Button"
/>
`;
