// Jest Snapshot v1, https://goo.gl/fbAQLP

exports[`Unit/Components/LoginBar Should match the snapshot 1`] = `<LoginBar />`;
