// Jest Snapshot v1, https://goo.gl/fbAQLP

exports[`Tip Should match the snapshot 1`] = `
<Tip
  label="Test Tip"
/>
`;
